0 verbose cli C:\Program Files\nodejs\node.exe C:\Program Files\nodejs\node_modules\npm\bin\npm-cli.js
1 info using npm@11.6.2
2 info using node@v24.12.0
3 silly config load:file:C:\Program Files\nodejs\node_modules\npm\npmrc
4 silly config load:file:D:\TNU_CSE_cyber_security\Internships\XetaLabs\BMC-Link\.npmrc
5 silly config load:file:C:\Users\fossi\.npmrc
6 silly config load:file:D:\TNU_CSE_cyber_security\Internships\XetaLabs\BMC-Link\%APPDATA%\npm\etc\npmrc
7 verbose title npm exec prisma validate
8 verbose argv "exec" "--" "prisma" "validate"
9 verbose logfile logs-max:10 dir:D:\TNU_CSE_cyber_security\Internships\XetaLabs\BMC-Link\%APPDATA%\npm-cache\_logs\2026-07-26T19_13_32_653Z-
10 verbose logfile D:\TNU_CSE_cyber_security\Internships\XetaLabs\BMC-Link\%APPDATA%\npm-cache\_logs\2026-07-26T19_13_32_653Z-debug-0.log
11 silly logfile done cleaning log files
12 silly packumentCache heap:2348810240 maxSize:587202560 maxEntrySize:293601280
13 http fetch GET 200 https://registry.npmjs.org/prisma 466ms (cache revalidated)
14 silly packumentCache heap:2348810240 maxSize:587202560 maxEntrySize:293601280
15 verbose Could not read global path D:\TNU_CSE_cyber_security\Internships\XetaLabs\BMC-Link\%APPDATA%\npm, ignoring
16 silly packumentCache heap:2348810240 maxSize:587202560 maxEntrySize:293601280
17 verbose stack Error: canceled
17 verbose stack     at Interface.<anonymous> (C:\Program Files\nodejs\node_modules\npm\node_modules\read\dist\commonjs\read.js:89:21)
17 verbose stack     at Interface.emit (node:events:508:28)
17 verbose stack     at [_ttyWrite] [as _ttyWrite] (node:internal/readline/interface:1327:18)
17 verbose stack     at ReadStream.onkeypress (node:internal/readline/interface:284:20)
17 verbose stack     at ReadStream.emit (node:events:508:28)
17 verbose stack     at emitKeys (node:internal/readline/utils:371:14)
17 verbose stack     at emitKeys.next (<anonymous>)
17 verbose stack     at ReadStream.onData (node:internal/readline/emitKeypressEvents:64:36)
17 verbose stack     at ReadStream.emit (node:events:508:28)
17 verbose stack     at addChunk (node:internal/streams/readable:559:12)
18 error canceled
19 verbose cwd D:\TNU_CSE_cyber_security\Internships\XetaLabs\BMC-Link
20 verbose os Windows_NT 10.0.26220
21 verbose node v24.12.0
22 verbose npm  v11.6.2
23 verbose exit 1
24 verbose code 1
25 error A complete log of this run can be found in: D:\TNU_CSE_cyber_security\Internships\XetaLabs\BMC-Link\%APPDATA%\npm-cache\_logs\2026-07-26T19_13_32_653Z-debug-0.log
